D:\ra175-2016\lab3\vezba3\implementation\vezba3.ngc 1553250463
D:/ra175-2016/lab3/vezba3/implementation/vezba3_dip_switches_wrapper.ngc 1553250415
D:/ra175-2016/lab3/vezba3/implementation/vezba3_my_peripheral_0_wrapper.ngc 1553250439
D:/ra175-2016/lab3/vezba3/implementation/vezba3_rs232_wrapper.ngc 1553250415
D:/ra175-2016/lab3/vezba3/implementation/vezba3_proc_sys_reset_0_wrapper.ngc 1553250415
D:/ra175-2016/lab3/vezba3/implementation/vezba3_clock_generator_0_wrapper.ngc 1553250449
D:/ra175-2016/lab3/vezba3/implementation/vezba3_microblaze_0_ilmb_wrapper.ngc 1553250415
D:/ra175-2016/lab3/vezba3/implementation/vezba3_microblaze_0_dlmb_wrapper.ngc 1553250415
D:/ra175-2016/lab3/vezba3/implementation/vezba3_axi4lite_0_wrapper.ngc 1553250452
D:/ra175-2016/lab3/vezba3/implementation/vezba3_microblaze_0_wrapper.ngc 1553250415
D:/ra175-2016/lab3/vezba3/implementation/vezba3_microblaze_0_i_bram_ctrl_wrapper.ngc 1553250415
D:/ra175-2016/lab3/vezba3/implementation/vezba3_microblaze_0_d_bram_ctrl_wrapper.ngc 1553250415
D:/ra175-2016/lab3/vezba3/implementation/vezba3_debug_module_wrapper.ngc 1553250415
D:/ra175-2016/lab3/vezba3/implementation/vezba3_microblaze_0_bram_block_wrapper.ngc 1553250415
D:/ra175-2016/lab3/vezba3/implementation/vezba3_my_peripheral_1_wrapper.ngc 1553250445
OK
